[2025-08-22T13:13:06.818842] [INFO] [twin_model.logging_config] Logging configured
[2025-08-22T13:13:07.070987] [ERROR] [twin_model.transduction.mes_transducer] Performance calculation failed
Traceback (most recent call last):
  File "/Users/michael/github/virtual-ontology/twin_model/transduction/mes_transducer.py", line 475, in _calculate_performance
    product_id = metrics["product_id"]
                 ~~~~~~~^^^^^^^^^^^^^^
KeyError: 'product_id'

[2025-08-22T13:13:07.071674] [ERROR] [twin_model.transduction.mes_transducer] Performance calculation failed
Traceback (most recent call last):
  File "/Users/michael/github/virtual-ontology/twin_model/transduction/mes_transducer.py", line 475, in _calculate_performance
    product_id = metrics["product_id"]
                 ~~~~~~~^^^^^^^^^^^^^^
KeyError: 'product_id'

[2025-08-22T13:13:07.072301] [ERROR] [twin_model.transduction.mes_transducer] Performance calculation failed
Traceback (most recent call last):
  File "/Users/michael/github/virtual-ontology/twin_model/transduction/mes_transducer.py", line 475, in _calculate_performance
    product_id = metrics["product_id"]
                 ~~~~~~~^^^^^^^^^^^^^^
KeyError: 'product_id'

[2025-08-22T13:13:07.124723] [WARNING] [twin_model.transduction.mes_transducer] Inferring runtime from production for EQ-001
[2025-08-22T13:13:07.126329] [WARNING] [twin_model.transduction.mes_transducer] Inferring runtime from production for EQ-001
[2025-08-22T13:13:07.126649] [WARNING] [twin_model.transduction.mes_transducer] Inferring runtime from production for EQ-002
[2025-08-22T13:13:07.127180] [WARNING] [twin_model.transduction.mes_transducer] Inferring runtime from production for LINE1-FILLER
[2025-08-22T13:13:31.544481] [INFO] [twin_model.logging_config] Logging configured
