INFO:     Will watch for changes in these directories: ['/Users/michael/github/virtual-ontology']
INFO:     Uvicorn running on http://0.0.0.0:8000 (Press CTRL+C to quit)
INFO:     Started reloader process [36305] using WatchFiles

╔══════════════════════════════════════════════════════════════════╗
║           Virtual Twin Database API Server v4.0.0               ║
╚══════════════════════════════════════════════════════════════════╝

Starting server...
- Host: 0.0.0.0
- Port: 8000
- Auto-reload: True
- Log level: info

API Documentation will be available at:
- Swagger UI: http://localhost:8000/docs
- ReDoc: http://localhost:8000/redoc
    
Process SpawnProcess-1:
Traceback (most recent call last):
  File "/opt/homebrew/Cellar/python@3.12/3.12.11/Frameworks/Python.framework/Versions/3.12/lib/python3.12/multiprocessing/process.py", line 314, in _bootstrap
    self.run()
  File "/opt/homebrew/Cellar/python@3.12/3.12.11/Frameworks/Python.framework/Versions/3.12/lib/python3.12/multiprocessing/process.py", line 108, in run
    self._target(*self._args, **self._kwargs)
  File "/Users/michael/.venvs/ont/lib/python3.12/site-packages/uvicorn/_subprocess.py", line 80, in subprocess_started
    target(sockets=sockets)
  File "/Users/michael/.venvs/ont/lib/python3.12/site-packages/uvicorn/server.py", line 65, in run
    return asyncio.run(self.serve(sockets=sockets))
           ^^^^^^^^^^^^^^^^^^^^^^^^^^^^^^^^^^^^^^^^
  File "/opt/homebrew/Cellar/python@3.12/3.12.11/Frameworks/Python.framework/Versions/3.12/lib/python3.12/asyncio/runners.py", line 195, in run
    return runner.run(main)
           ^^^^^^^^^^^^^^^^
  File "/opt/homebrew/Cellar/python@3.12/3.12.11/Frameworks/Python.framework/Versions/3.12/lib/python3.12/asyncio/runners.py", line 118, in run
    return self._loop.run_until_complete(task)
           ^^^^^^^^^^^^^^^^^^^^^^^^^^^^^^^^^^^
  File "uvloop/loop.pyx", line 1518, in uvloop.loop.Loop.run_until_complete
  File "/Users/michael/.venvs/ont/lib/python3.12/site-packages/uvicorn/server.py", line 69, in serve
    await self._serve(sockets)
  File "/Users/michael/.venvs/ont/lib/python3.12/site-packages/uvicorn/server.py", line 76, in _serve
    config.load()
  File "/Users/michael/.venvs/ont/lib/python3.12/site-packages/uvicorn/config.py", line 434, in load
    self.loaded_app = import_from_string(self.app)
                      ^^^^^^^^^^^^^^^^^^^^^^^^^^^^
  File "/Users/michael/.venvs/ont/lib/python3.12/site-packages/uvicorn/importer.py", line 19, in import_from_string
    module = importlib.import_module(module_str)
             ^^^^^^^^^^^^^^^^^^^^^^^^^^^^^^^^^^^
  File "/opt/homebrew/Cellar/python@3.12/3.12.11/Frameworks/Python.framework/Versions/3.12/lib/python3.12/importlib/__init__.py", line 90, in import_module
    return _bootstrap._gcd_import(name[level:], package, level)
           ^^^^^^^^^^^^^^^^^^^^^^^^^^^^^^^^^^^^^^^^^^^^^^^^^^^^
  File "<frozen importlib._bootstrap>", line 1387, in _gcd_import
  File "<frozen importlib._bootstrap>", line 1360, in _find_and_load
  File "<frozen importlib._bootstrap>", line 1331, in _find_and_load_unlocked
  File "<frozen importlib._bootstrap>", line 935, in _load_unlocked
  File "<frozen importlib._bootstrap_external>", line 999, in exec_module
  File "<frozen importlib._bootstrap>", line 488, in _call_with_frames_removed
  File "/Users/michael/github/virtual-ontology/database/app.py", line 135, in <module>
    from database.routers import query, simulation, experiment, database
  File "/Users/michael/github/virtual-ontology/database/routers/database.py", line 174
    manager: ManagerDep
    ^^^^^^^^^^^^^^^^^^^
SyntaxError: parameter without a default follows parameter with a default
WARNING:  WatchFiles detected changes in 'database/routers/database.py'. Reloading...
Process SpawnProcess-2:
Traceback (most recent call last):
  File "/opt/homebrew/Cellar/python@3.12/3.12.11/Frameworks/Python.framework/Versions/3.12/lib/python3.12/multiprocessing/process.py", line 314, in _bootstrap
    self.run()
  File "/opt/homebrew/Cellar/python@3.12/3.12.11/Frameworks/Python.framework/Versions/3.12/lib/python3.12/multiprocessing/process.py", line 108, in run
    self._target(*self._args, **self._kwargs)
  File "/Users/michael/.venvs/ont/lib/python3.12/site-packages/uvicorn/_subprocess.py", line 80, in subprocess_started
    target(sockets=sockets)
  File "/Users/michael/.venvs/ont/lib/python3.12/site-packages/uvicorn/server.py", line 65, in run
    return asyncio.run(self.serve(sockets=sockets))
           ^^^^^^^^^^^^^^^^^^^^^^^^^^^^^^^^^^^^^^^^
  File "/opt/homebrew/Cellar/python@3.12/3.12.11/Frameworks/Python.framework/Versions/3.12/lib/python3.12/asyncio/runners.py", line 195, in run
    return runner.run(main)
           ^^^^^^^^^^^^^^^^
  File "/opt/homebrew/Cellar/python@3.12/3.12.11/Frameworks/Python.framework/Versions/3.12/lib/python3.12/asyncio/runners.py", line 118, in run
    return self._loop.run_until_complete(task)
           ^^^^^^^^^^^^^^^^^^^^^^^^^^^^^^^^^^^
  File "uvloop/loop.pyx", line 1518, in uvloop.loop.Loop.run_until_complete
  File "/Users/michael/.venvs/ont/lib/python3.12/site-packages/uvicorn/server.py", line 69, in serve
    await self._serve(sockets)
  File "/Users/michael/.venvs/ont/lib/python3.12/site-packages/uvicorn/server.py", line 76, in _serve
    config.load()
  File "/Users/michael/.venvs/ont/lib/python3.12/site-packages/uvicorn/config.py", line 434, in load
    self.loaded_app = import_from_string(self.app)
                      ^^^^^^^^^^^^^^^^^^^^^^^^^^^^
  File "/Users/michael/.venvs/ont/lib/python3.12/site-packages/uvicorn/importer.py", line 19, in import_from_string
    module = importlib.import_module(module_str)
             ^^^^^^^^^^^^^^^^^^^^^^^^^^^^^^^^^^^
  File "/opt/homebrew/Cellar/python@3.12/3.12.11/Frameworks/Python.framework/Versions/3.12/lib/python3.12/importlib/__init__.py", line 90, in import_module
    return _bootstrap._gcd_import(name[level:], package, level)
           ^^^^^^^^^^^^^^^^^^^^^^^^^^^^^^^^^^^^^^^^^^^^^^^^^^^^
  File "<frozen importlib._bootstrap>", line 1387, in _gcd_import
  File "<frozen importlib._bootstrap>", line 1360, in _find_and_load
  File "<frozen importlib._bootstrap>", line 1331, in _find_and_load_unlocked
  File "<frozen importlib._bootstrap>", line 935, in _load_unlocked
  File "<frozen importlib._bootstrap_external>", line 999, in exec_module
  File "<frozen importlib._bootstrap>", line 488, in _call_with_frames_removed
  File "/Users/michael/github/virtual-ontology/database/app.py", line 135, in <module>
    from database.routers import query, simulation, experiment, database
  File "/Users/michael/github/virtual-ontology/database/routers/database.py", line 267
    manager: ManagerDep
    ^^^^^^^^^^^^^^^^^^^
SyntaxError: parameter without a default follows parameter with a default
WARNING:  WatchFiles detected changes in 'database/routers/database.py'. Reloading...
INFO:     Started server process [37144]
INFO:     Waiting for application startup.
INFO:     Application startup complete.
🚀 Starting Virtual Twin Database API...
✓ Created tables in data/twin_database.db
✓ Database tables initialized
✓ Synced configurations from manifests
✓ Configurations synced from manifests
✓ Ontology version: 2.0.0
✓ Manifest version: 48fea46c
✓ API ready at http://localhost:8000
INFO:     127.0.0.1:61216 - "GET /health HTTP/1.1" 200 OK
INFO:     127.0.0.1:61218 - "GET /database/stats HTTP/1.1" 200 OK
INFO:     127.0.0.1:61234 - "GET / HTTP/1.1" 200 OK
INFO:     127.0.0.1:61253 - "GET /query/tables HTTP/1.1" 200 OK
INFO:     Shutting down
INFO:     Waiting for application shutdown.
INFO:     Application shutdown complete.
INFO:     Finished server process [37144]
INFO:     Stopping reloader process [36305]
